// Vitest Snapshot v1, https://vitest.dev/guide/snapshot.html

exports[`MineSweeper > should render the snapshot correctly 1`] = `
"<div data-v-32f46f71="" class="minesweeper">
  <h1 data-v-32f46f71="">Minesweeper</h1><button data-v-32f46f71="">Restart</button>
  <div data-v-32f46f71="" class="grid" style="grid-template-columns: repeat(10, 30px);">
    <div data-v-a48743f8="" data-v-32f46f71="" class="tile">
      <!--v-if-->
      <!--v-if-->
      <!--v-if-->
    </div>
    <div data-v-a48743f8="" data-v-32f46f71="" class="tile">
      <!--v-if-->
      <!--v-if-->
      <!--v-if-->
    </div>
    <div data-v-a48743f8="" data-v-32f46f71="" class="tile">
      <!--v-if-->
      <!--v-if-->
      <!--v-if-->
    </div>
    <div data-v-a48743f8="" data-v-32f46f71="" class="tile">
      <!--v-if-->
      <!--v-if-->
      <!--v-if-->
    </div>
    <div data-v-a48743f8="" data-v-32f46f71="" class="tile">
      <!--v-if-->
      <!--v-if-->
      <!--v-if-->
    </div>
    <div data-v-a48743f8="" data-v-32f46f71="" class="tile">
      <!--v-if-->
      <!--v-if-->
      <!--v-if-->
    </div>
    <div data-v-a48743f8="" data-v-32f46f71="" class="tile">
      <!--v-if-->
      <!--v-if-->
      <!--v-if-->
    </div>
    <div data-v-a48743f8="" data-v-32f46f71="" class="tile">
      <!--v-if-->
      <!--v-if-->
      <!--v-if-->
    </div>
    <div data-v-a48743f8="" data-v-32f46f71="" class="tile">
      <!--v-if-->
      <!--v-if-->
      <!--v-if-->
    </div>
    <div data-v-a48743f8="" data-v-32f46f71="" class="tile">
      <!--v-if-->
      <!--v-if-->
      <!--v-if-->
    </div>
    <div data-v-a48743f8="" data-v-32f46f71="" class="tile">
      <!--v-if-->
      <!--v-if-->
      <!--v-if-->
    </div>
    <div data-v-a48743f8="" data-v-32f46f71="" class="tile">
      <!--v-if-->
      <!--v-if-->
      <!--v-if-->
    </div>
    <div data-v-a48743f8="" data-v-32f46f71="" class="tile">
      <!--v-if-->
      <!--v-if-->
      <!--v-if-->
    </div>
    <div data-v-a48743f8="" data-v-32f46f71="" class="tile">
      <!--v-if-->
      <!--v-if-->
      <!--v-if-->
    </div>
    <div data-v-a48743f8="" data-v-32f46f71="" class="tile">
      <!--v-if-->
      <!--v-if-->
      <!--v-if-->
    </div>
    <div data-v-a48743f8="" data-v-32f46f71="" class="tile">
      <!--v-if-->
      <!--v-if-->
      <!--v-if-->
    </div>
    <div data-v-a48743f8="" data-v-32f46f71="" class="tile">
      <!--v-if-->
      <!--v-if-->
      <!--v-if-->
    </div>
    <div data-v-a48743f8="" data-v-32f46f71="" class="tile">
      <!--v-if-->
      <!--v-if-->
      <!--v-if-->
    </div>
    <div data-v-a48743f8="" data-v-32f46f71="" class="tile">
      <!--v-if-->
      <!--v-if-->
      <!--v-if-->
    </div>
    <div data-v-a48743f8="" data-v-32f46f71="" class="tile">
      <!--v-if-->
      <!--v-if-->
      <!--v-if-->
    </div>
    <div data-v-a48743f8="" data-v-32f46f71="" class="tile">
      <!--v-if-->
      <!--v-if-->
      <!--v-if-->
    </div>
    <div data-v-a48743f8="" data-v-32f46f71="" class="tile">
      <!--v-if-->
      <!--v-if-->
      <!--v-if-->
    </div>
    <div data-v-a48743f8="" data-v-32f46f71="" class="tile">
      <!--v-if-->
      <!--v-if-->
      <!--v-if-->
    </div>
    <div data-v-a48743f8="" data-v-32f46f71="" class="tile">
      <!--v-if-->
      <!--v-if-->
      <!--v-if-->
    </div>
    <div data-v-a48743f8="" data-v-32f46f71="" class="tile">
      <!--v-if-->
      <!--v-if-->
      <!--v-if-->
    </div>
    <div data-v-a48743f8="" data-v-32f46f71="" class="tile">
      <!--v-if-->
      <!--v-if-->
      <!--v-if-->
    </div>
    <div data-v-a48743f8="" data-v-32f46f71="" class="tile">
      <!--v-if-->
      <!--v-if-->
      <!--v-if-->
    </div>
    <div data-v-a48743f8="" data-v-32f46f71="" class="tile">
      <!--v-if-->
      <!--v-if-->
      <!--v-if-->
    </div>
    <div data-v-a48743f8="" data-v-32f46f71="" class="tile">
      <!--v-if-->
      <!--v-if-->
      <!--v-if-->
    </div>
    <div data-v-a48743f8="" data-v-32f46f71="" class="tile">
      <!--v-if-->
      <!--v-if-->
      <!--v-if-->
    </div>
    <div data-v-a48743f8="" data-v-32f46f71="" class="tile">
      <!--v-if-->
      <!--v-if-->
      <!--v-if-->
    </div>
    <div data-v-a48743f8="" data-v-32f46f71="" class="tile">
      <!--v-if-->
      <!--v-if-->
      <!--v-if-->
    </div>
    <div data-v-a48743f8="" data-v-32f46f71="" class="tile">
      <!--v-if-->
      <!--v-if-->
      <!--v-if-->
    </div>
    <div data-v-a48743f8="" data-v-32f46f71="" class="tile">
      <!--v-if-->
      <!--v-if-->
      <!--v-if-->
    </div>
    <div data-v-a48743f8="" data-v-32f46f71="" class="tile">
      <!--v-if-->
      <!--v-if-->
      <!--v-if-->
    </div>
    <div data-v-a48743f8="" data-v-32f46f71="" class="tile">
      <!--v-if-->
      <!--v-if-->
      <!--v-if-->
    </div>
    <div data-v-a48743f8="" data-v-32f46f71="" class="tile">
      <!--v-if-->
      <!--v-if-->
      <!--v-if-->
    </div>
    <div data-v-a48743f8="" data-v-32f46f71="" class="tile">
      <!--v-if-->
      <!--v-if-->
      <!--v-if-->
    </div>
    <div data-v-a48743f8="" data-v-32f46f71="" class="tile">
      <!--v-if-->
      <!--v-if-->
      <!--v-if-->
    </div>
    <div data-v-a48743f8="" data-v-32f46f71="" class="tile">
      <!--v-if-->
      <!--v-if-->
      <!--v-if-->
    </div>
    <div data-v-a48743f8="" data-v-32f46f71="" class="tile">
      <!--v-if-->
      <!--v-if-->
      <!--v-if-->
    </div>
    <div data-v-a48743f8="" data-v-32f46f71="" class="tile">
      <!--v-if-->
      <!--v-if-->
      <!--v-if-->
    </div>
    <div data-v-a48743f8="" data-v-32f46f71="" class="tile">
      <!--v-if-->
      <!--v-if-->
      <!--v-if-->
    </div>
    <div data-v-a48743f8="" data-v-32f46f71="" class="tile">
      <!--v-if-->
      <!--v-if-->
      <!--v-if-->
    </div>
    <div data-v-a48743f8="" data-v-32f46f71="" class="tile">
      <!--v-if-->
      <!--v-if-->
      <!--v-if-->
    </div>
    <div data-v-a48743f8="" data-v-32f46f71="" class="tile">
      <!--v-if-->
      <!--v-if-->
      <!--v-if-->
    </div>
    <div data-v-a48743f8="" data-v-32f46f71="" class="tile">
      <!--v-if-->
      <!--v-if-->
      <!--v-if-->
    </div>
    <div data-v-a48743f8="" data-v-32f46f71="" class="tile">
      <!--v-if-->
      <!--v-if-->
      <!--v-if-->
    </div>
    <div data-v-a48743f8="" data-v-32f46f71="" class="tile">
      <!--v-if-->
      <!--v-if-->
      <!--v-if-->
    </div>
    <div data-v-a48743f8="" data-v-32f46f71="" class="tile">
      <!--v-if-->
      <!--v-if-->
      <!--v-if-->
    </div>
    <div data-v-a48743f8="" data-v-32f46f71="" class="tile">
      <!--v-if-->
      <!--v-if-->
      <!--v-if-->
    </div>
    <div data-v-a48743f8="" data-v-32f46f71="" class="tile">
      <!--v-if-->
      <!--v-if-->
      <!--v-if-->
    </div>
    <div data-v-a48743f8="" data-v-32f46f71="" class="tile">
      <!--v-if-->
      <!--v-if-->
      <!--v-if-->
    </div>
    <div data-v-a48743f8="" data-v-32f46f71="" class="tile">
      <!--v-if-->
      <!--v-if-->
      <!--v-if-->
    </div>
    <div data-v-a48743f8="" data-v-32f46f71="" class="tile">
      <!--v-if-->
      <!--v-if-->
      <!--v-if-->
    </div>
    <div data-v-a48743f8="" data-v-32f46f71="" class="tile">
      <!--v-if-->
      <!--v-if-->
      <!--v-if-->
    </div>
    <div data-v-a48743f8="" data-v-32f46f71="" class="tile">
      <!--v-if-->
      <!--v-if-->
      <!--v-if-->
    </div>
    <div data-v-a48743f8="" data-v-32f46f71="" class="tile">
      <!--v-if-->
      <!--v-if-->
      <!--v-if-->
    </div>
    <div data-v-a48743f8="" data-v-32f46f71="" class="tile">
      <!--v-if-->
      <!--v-if-->
      <!--v-if-->
    </div>
    <div data-v-a48743f8="" data-v-32f46f71="" class="tile">
      <!--v-if-->
      <!--v-if-->
      <!--v-if-->
    </div>
    <div data-v-a48743f8="" data-v-32f46f71="" class="tile">
      <!--v-if-->
      <!--v-if-->
      <!--v-if-->
    </div>
    <div data-v-a48743f8="" data-v-32f46f71="" class="tile">
      <!--v-if-->
      <!--v-if-->
      <!--v-if-->
    </div>
    <div data-v-a48743f8="" data-v-32f46f71="" class="tile">
      <!--v-if-->
      <!--v-if-->
      <!--v-if-->
    </div>
    <div data-v-a48743f8="" data-v-32f46f71="" class="tile">
      <!--v-if-->
      <!--v-if-->
      <!--v-if-->
    </div>
    <div data-v-a48743f8="" data-v-32f46f71="" class="tile">
      <!--v-if-->
      <!--v-if-->
      <!--v-if-->
    </div>
    <div data-v-a48743f8="" data-v-32f46f71="" class="tile">
      <!--v-if-->
      <!--v-if-->
      <!--v-if-->
    </div>
    <div data-v-a48743f8="" data-v-32f46f71="" class="tile">
      <!--v-if-->
      <!--v-if-->
      <!--v-if-->
    </div>
    <div data-v-a48743f8="" data-v-32f46f71="" class="tile">
      <!--v-if-->
      <!--v-if-->
      <!--v-if-->
    </div>
    <div data-v-a48743f8="" data-v-32f46f71="" class="tile">
      <!--v-if-->
      <!--v-if-->
      <!--v-if-->
    </div>
    <div data-v-a48743f8="" data-v-32f46f71="" class="tile">
      <!--v-if-->
      <!--v-if-->
      <!--v-if-->
    </div>
    <div data-v-a48743f8="" data-v-32f46f71="" class="tile">
      <!--v-if-->
      <!--v-if-->
      <!--v-if-->
    </div>
    <div data-v-a48743f8="" data-v-32f46f71="" class="tile">
      <!--v-if-->
      <!--v-if-->
      <!--v-if-->
    </div>
    <div data-v-a48743f8="" data-v-32f46f71="" class="tile">
      <!--v-if-->
      <!--v-if-->
      <!--v-if-->
    </div>
    <div data-v-a48743f8="" data-v-32f46f71="" class="tile">
      <!--v-if-->
      <!--v-if-->
      <!--v-if-->
    </div>
    <div data-v-a48743f8="" data-v-32f46f71="" class="tile">
      <!--v-if-->
      <!--v-if-->
      <!--v-if-->
    </div>
    <div data-v-a48743f8="" data-v-32f46f71="" class="tile">
      <!--v-if-->
      <!--v-if-->
      <!--v-if-->
    </div>
    <div data-v-a48743f8="" data-v-32f46f71="" class="tile">
      <!--v-if-->
      <!--v-if-->
      <!--v-if-->
    </div>
    <div data-v-a48743f8="" data-v-32f46f71="" class="tile">
      <!--v-if-->
      <!--v-if-->
      <!--v-if-->
    </div>
    <div data-v-a48743f8="" data-v-32f46f71="" class="tile">
      <!--v-if-->
      <!--v-if-->
      <!--v-if-->
    </div>
    <div data-v-a48743f8="" data-v-32f46f71="" class="tile">
      <!--v-if-->
      <!--v-if-->
      <!--v-if-->
    </div>
    <div data-v-a48743f8="" data-v-32f46f71="" class="tile">
      <!--v-if-->
      <!--v-if-->
      <!--v-if-->
    </div>
    <div data-v-a48743f8="" data-v-32f46f71="" class="tile">
      <!--v-if-->
      <!--v-if-->
      <!--v-if-->
    </div>
    <div data-v-a48743f8="" data-v-32f46f71="" class="tile">
      <!--v-if-->
      <!--v-if-->
      <!--v-if-->
    </div>
    <div data-v-a48743f8="" data-v-32f46f71="" class="tile">
      <!--v-if-->
      <!--v-if-->
      <!--v-if-->
    </div>
    <div data-v-a48743f8="" data-v-32f46f71="" class="tile">
      <!--v-if-->
      <!--v-if-->
      <!--v-if-->
    </div>
    <div data-v-a48743f8="" data-v-32f46f71="" class="tile">
      <!--v-if-->
      <!--v-if-->
      <!--v-if-->
    </div>
    <div data-v-a48743f8="" data-v-32f46f71="" class="tile">
      <!--v-if-->
      <!--v-if-->
      <!--v-if-->
    </div>
    <div data-v-a48743f8="" data-v-32f46f71="" class="tile">
      <!--v-if-->
      <!--v-if-->
      <!--v-if-->
    </div>
    <div data-v-a48743f8="" data-v-32f46f71="" class="tile">
      <!--v-if-->
      <!--v-if-->
      <!--v-if-->
    </div>
    <div data-v-a48743f8="" data-v-32f46f71="" class="tile">
      <!--v-if-->
      <!--v-if-->
      <!--v-if-->
    </div>
    <div data-v-a48743f8="" data-v-32f46f71="" class="tile">
      <!--v-if-->
      <!--v-if-->
      <!--v-if-->
    </div>
    <div data-v-a48743f8="" data-v-32f46f71="" class="tile">
      <!--v-if-->
      <!--v-if-->
      <!--v-if-->
    </div>
    <div data-v-a48743f8="" data-v-32f46f71="" class="tile">
      <!--v-if-->
      <!--v-if-->
      <!--v-if-->
    </div>
    <div data-v-a48743f8="" data-v-32f46f71="" class="tile">
      <!--v-if-->
      <!--v-if-->
      <!--v-if-->
    </div>
    <div data-v-a48743f8="" data-v-32f46f71="" class="tile">
      <!--v-if-->
      <!--v-if-->
      <!--v-if-->
    </div>
    <div data-v-a48743f8="" data-v-32f46f71="" class="tile">
      <!--v-if-->
      <!--v-if-->
      <!--v-if-->
    </div>
    <div data-v-a48743f8="" data-v-32f46f71="" class="tile">
      <!--v-if-->
      <!--v-if-->
      <!--v-if-->
    </div>
    <div data-v-a48743f8="" data-v-32f46f71="" class="tile">
      <!--v-if-->
      <!--v-if-->
      <!--v-if-->
    </div>
    <div data-v-a48743f8="" data-v-32f46f71="" class="tile">
      <!--v-if-->
      <!--v-if-->
      <!--v-if-->
    </div>
    <div data-v-a48743f8="" data-v-32f46f71="" class="tile">
      <!--v-if-->
      <!--v-if-->
      <!--v-if-->
    </div>
  </div>
  <!--v-if-->
  <!--v-if-->
</div>"
`;
